Starting build at 23:42:52,71 
[@serwist/next] WARNING: You are using '@serwist/next' with `next dev --turbopack`, but it doesn't support Turbopack. Do one of the following:

- Set `disable` to `process.env.NODE_ENV !== "production"`.

- Use webpack by running `next dev --webpack` instead of `next dev --turbopack`.

- Migrate to '@serwist/turbopack' which has experimental support for Turbopack. See https://serwist.pages.dev/docs/next/turbo for more information.

- Migrate to configurator mode which has support for Turbopack. See https://serwist.pages.dev/docs/next/config for more information. 

Follow https://github.com/serwist/serwist/issues/54 for progress on Serwist + Turbopack. You can also suppress this warning by setting SERWIST_SUPPRESS_TURBOPACK_WARNING=1.

▲ Next.js 16.1.6 (Turbopack)

  Creating an optimized production build ...
✓ Compiled successfully in 22.2s
  Running TypeScript ...
  Collecting page data using 3 workers ...
  Generating static pages using 3 workers (0/4) ...
  Generating static pages using 3 workers (1/4) 
  Generating static pages using 3 workers (2/4) 
  Generating static pages using 3 workers (3/4) 
✓ Generating static pages using 3 workers (4/4) in 1066.3ms
  Finalizing page optimization ...

Route (app)
┌ ○ /
└ ○ /_not-found


○  (Static)  prerendered as static content

